Archive member included because of file (symbol)

/Applications/Simplicity Studio.app/Contents/Eclipse/developer/toolchains/gnu_arm/4.9_2015q3/bin/../lib/gcc/arm-none-eabi/4.9.3/armv7-m/libgcc.a(_arm_addsubsf3.o)
                              build/vddcheck.o (__aeabi_fsub)
/Applications/Simplicity Studio.app/Contents/Eclipse/developer/toolchains/gnu_arm/4.9_2015q3/bin/../lib/gcc/arm-none-eabi/4.9.3/armv7-m/libgcc.a(_arm_muldivsf3.o)
                              build/vddcheck.o (__aeabi_fdiv)
/Applications/Simplicity Studio.app/Contents/Eclipse/developer/toolchains/gnu_arm/4.9_2015q3/bin/../lib/gcc/arm-none-eabi/4.9.3/armv7-m/libgcc.a(_arm_fixunssfsi.o)
                              build/vddcheck.o (__aeabi_f2uiz)
/Applications/Simplicity Studio.app/Contents/Eclipse/developer/toolchains/gnu_arm/4.9_2015q3/bin/../lib/gcc/arm-none-eabi/4.9.3/armv7-m/libgcc.a(_aeabi_uldivmod.o)
                              build/em_usart.o (__aeabi_uldivmod)
/Applications/Simplicity Studio.app/Contents/Eclipse/developer/toolchains/gnu_arm/4.9_2015q3/bin/../lib/gcc/arm-none-eabi/4.9.3/armv7-m/libgcc.a(bpabi.o)
                              /Applications/Simplicity Studio.app/Contents/Eclipse/developer/toolchains/gnu_arm/4.9_2015q3/bin/../lib/gcc/arm-none-eabi/4.9.3/armv7-m/libgcc.a(_aeabi_uldivmod.o) (__gnu_uldivmod_helper)
/Applications/Simplicity Studio.app/Contents/Eclipse/developer/toolchains/gnu_arm/4.9_2015q3/bin/../lib/gcc/arm-none-eabi/4.9.3/armv7-m/libgcc.a(_dvmd_tls.o)
                              /Applications/Simplicity Studio.app/Contents/Eclipse/developer/toolchains/gnu_arm/4.9_2015q3/bin/../lib/gcc/arm-none-eabi/4.9.3/armv7-m/libgcc.a(_aeabi_uldivmod.o) (__aeabi_ldiv0)
/Applications/Simplicity Studio.app/Contents/Eclipse/developer/toolchains/gnu_arm/4.9_2015q3/bin/../lib/gcc/arm-none-eabi/4.9.3/armv7-m/libgcc.a(_divdi3.o)
                              /Applications/Simplicity Studio.app/Contents/Eclipse/developer/toolchains/gnu_arm/4.9_2015q3/bin/../lib/gcc/arm-none-eabi/4.9.3/armv7-m/libgcc.a(bpabi.o) (__divdi3)
/Applications/Simplicity Studio.app/Contents/Eclipse/developer/toolchains/gnu_arm/4.9_2015q3/bin/../lib/gcc/arm-none-eabi/4.9.3/armv7-m/libgcc.a(_udivdi3.o)
                              /Applications/Simplicity Studio.app/Contents/Eclipse/developer/toolchains/gnu_arm/4.9_2015q3/bin/../lib/gcc/arm-none-eabi/4.9.3/armv7-m/libgcc.a(bpabi.o) (__udivdi3)
/Applications/Simplicity Studio.app/Contents/Eclipse/developer/toolchains/gnu_arm/4.9_2015q3/bin/../lib/gcc/arm-none-eabi/4.9.3/../../../../arm-none-eabi/lib/armv7-m/libc_nano.a(lib_a-exit.o)
                              /Applications/Simplicity Studio.app/Contents/Eclipse/developer/toolchains/gnu_arm/4.9_2015q3/bin/../lib/gcc/arm-none-eabi/4.9.3/../../../../arm-none-eabi/lib/armv7-m/crt0.o (exit)
/Applications/Simplicity Studio.app/Contents/Eclipse/developer/toolchains/gnu_arm/4.9_2015q3/bin/../lib/gcc/arm-none-eabi/4.9.3/../../../../arm-none-eabi/lib/armv7-m/libc_nano.a(lib_a-impure.o)
                              /Applications/Simplicity Studio.app/Contents/Eclipse/developer/toolchains/gnu_arm/4.9_2015q3/bin/../lib/gcc/arm-none-eabi/4.9.3/../../../../arm-none-eabi/lib/armv7-m/libc_nano.a(lib_a-exit.o) (_global_impure_ptr)
/Applications/Simplicity Studio.app/Contents/Eclipse/developer/toolchains/gnu_arm/4.9_2015q3/bin/../lib/gcc/arm-none-eabi/4.9.3/../../../../arm-none-eabi/lib/armv7-m/libc_nano.a(lib_a-init.o)
                              /Applications/Simplicity Studio.app/Contents/Eclipse/developer/toolchains/gnu_arm/4.9_2015q3/bin/../lib/gcc/arm-none-eabi/4.9.3/../../../../arm-none-eabi/lib/armv7-m/crt0.o (__libc_init_array)
/Applications/Simplicity Studio.app/Contents/Eclipse/developer/toolchains/gnu_arm/4.9_2015q3/bin/../lib/gcc/arm-none-eabi/4.9.3/../../../../arm-none-eabi/lib/armv7-m/libc_nano.a(lib_a-memcpy.o)
                              build/bsp_stk.o (memcpy)
/Applications/Simplicity Studio.app/Contents/Eclipse/developer/toolchains/gnu_arm/4.9_2015q3/bin/../lib/gcc/arm-none-eabi/4.9.3/../../../../arm-none-eabi/lib/armv7-m/libc_nano.a(lib_a-memset.o)
                              /Applications/Simplicity Studio.app/Contents/Eclipse/developer/toolchains/gnu_arm/4.9_2015q3/bin/../lib/gcc/arm-none-eabi/4.9.3/../../../../arm-none-eabi/lib/armv7-m/crt0.o (memset)
/Applications/Simplicity Studio.app/Contents/Eclipse/developer/toolchains/gnu_arm/4.9_2015q3/bin/../lib/gcc/arm-none-eabi/4.9.3/../../../../arm-none-eabi/lib/armv7-m/libc_nano.a(lib_a-strlen.o)
                              build/segmentlcd.o (strlen)
/Applications/Simplicity Studio.app/Contents/Eclipse/developer/toolchains/gnu_arm/4.9_2015q3/bin/../lib/gcc/arm-none-eabi/4.9.3/../../../../arm-none-eabi/lib/armv7-m/libnosys.a(_exit.o)
                              /Applications/Simplicity Studio.app/Contents/Eclipse/developer/toolchains/gnu_arm/4.9_2015q3/bin/../lib/gcc/arm-none-eabi/4.9.3/../../../../arm-none-eabi/lib/armv7-m/libc_nano.a(lib_a-exit.o) (_exit)

Allocating common symbols
Common symbol       size              file

running             0x1               build/init.o
SystemCoreClock     0x4               build/system_efm32gg.o
tenths              0x4               build/init.o
seconds             0x4               build/init.o
minutes             0x4               build/init.o

Discarded input sections

 .text          0x0000000000000000        0x0 /Applications/Simplicity Studio.app/Contents/Eclipse/developer/toolchains/gnu_arm/4.9_2015q3/bin/../lib/gcc/arm-none-eabi/4.9.3/armv7-m/crti.o
 .data          0x0000000000000000        0x0 /Applications/Simplicity Studio.app/Contents/Eclipse/developer/toolchains/gnu_arm/4.9_2015q3/bin/../lib/gcc/arm-none-eabi/4.9.3/armv7-m/crti.o
 .bss           0x0000000000000000        0x0 /Applications/Simplicity Studio.app/Contents/Eclipse/developer/toolchains/gnu_arm/4.9_2015q3/bin/../lib/gcc/arm-none-eabi/4.9.3/armv7-m/crti.o
 .data          0x0000000000000000        0x4 /Applications/Simplicity Studio.app/Contents/Eclipse/developer/toolchains/gnu_arm/4.9_2015q3/bin/../lib/gcc/arm-none-eabi/4.9.3/armv7-m/crtbegin.o
 .data          0x0000000000000000        0x0 /Applications/Simplicity Studio.app/Contents/Eclipse/developer/toolchains/gnu_arm/4.9_2015q3/bin/../lib/gcc/arm-none-eabi/4.9.3/../../../../arm-none-eabi/lib/armv7-m/crt0.o
 .bss           0x0000000000000000        0x0 /Applications/Simplicity Studio.app/Contents/Eclipse/developer/toolchains/gnu_arm/4.9_2015q3/bin/../lib/gcc/arm-none-eabi/4.9.3/../../../../arm-none-eabi/lib/armv7-m/crt0.o
 .ARM.extab     0x0000000000000000        0x0 /Applications/Simplicity Studio.app/Contents/Eclipse/developer/toolchains/gnu_arm/4.9_2015q3/bin/../lib/gcc/arm-none-eabi/4.9.3/../../../../arm-none-eabi/lib/armv7-m/crt0.o
 .text          0x0000000000000000        0x0 build/system_efm32gg.o
 .data          0x0000000000000000        0x0 build/system_efm32gg.o
 .bss           0x0000000000000000        0x0 build/system_efm32gg.o
 .text.SystemHFXOClockSet
                0x0000000000000000       0x2c build/system_efm32gg.o
 .text.SystemLFXOClockSet
                0x0000000000000000       0x2c build/system_efm32gg.o
 .text          0x0000000000000000        0x0 build/vddcheck.o
 .data          0x0000000000000000        0x0 build/vddcheck.o
 .bss           0x0000000000000000        0x0 build/vddcheck.o
 .text.VCMP_Disable
                0x0000000000000000       0x14 build/vddcheck.o
 .text.VCMP_VoltageToLevel
                0x0000000000000000       0x34 build/vddcheck.o
 .text.VCMP_VDDHigher
                0x0000000000000000       0x18 build/vddcheck.o
 .text.VCMP_Ready
                0x0000000000000000       0x18 build/vddcheck.o
 .text.VDDCHECK_Init
                0x0000000000000000       0x1c build/vddcheck.o
 .text.VDDCHECK_Disable
                0x0000000000000000       0x14 build/vddcheck.o
 .rodata        0x0000000000000000       0x1c build/vddcheck.o
 .text.VDDCHECK_LowVoltage
                0x0000000000000000       0x68 build/vddcheck.o
 .comment       0x0000000000000000       0x39 build/vddcheck.o
 .ARM.attributes
                0x0000000000000000       0x33 build/vddcheck.o
 .text          0x0000000000000000        0x0 build/segmentlcd.o
 .data          0x0000000000000000        0x0 build/segmentlcd.o
 .bss           0x0000000000000000        0x0 build/segmentlcd.o
 .text.LCD_Enable
                0x0000000000000000       0x34 build/segmentlcd.o
 .rodata.EFM_Numbers
                0x0000000000000000       0x22 build/segmentlcd.o
 .rodata.Blocks
                0x0000000000000000        0x8 build/segmentlcd.o
 .rodata.signIndex
                0x0000000000000000        0x2 build/segmentlcd.o
 .text.SegmentLCD_AllOn
                0x0000000000000000       0xc8 build/segmentlcd.o
 .text.SegmentLCD_ARing
                0x0000000000000000       0x54 build/segmentlcd.o
 .text.SegmentLCD_Battery
                0x0000000000000000       0x74 build/segmentlcd.o
 .text.SegmentLCD_Block
                0x0000000000000000       0x30 build/segmentlcd.o
 .text.SegmentLCD_Disable
                0x0000000000000000       0x28 build/segmentlcd.o
 .text.SegmentLCD_EnergyMode
                0x0000000000000000       0x50 build/segmentlcd.o
 .text.SegmentLCD_LowerHex
                0x0000000000000000       0x8c build/segmentlcd.o
 .rodata        0x0000000000000000        0x8 build/segmentlcd.o
 .text.SegmentLCD_LowerNumber
                0x0000000000000000       0xbc build/segmentlcd.o
 .text.SegmentLCD_Number
                0x0000000000000000      0x130 build/segmentlcd.o
 .text.SegmentLCD_NumberOff
                0x0000000000000000       0x4c build/segmentlcd.o
 .text.SegmentLCD_Symbol
                0x0000000000000000      0x134 build/segmentlcd.o
 .text.SegmentLCD_UnsignedHex
                0x0000000000000000       0xd4 build/segmentlcd.o
 .text.displayBlock
                0x0000000000000000      0x11c build/segmentlcd.o
 .text          0x0000000000000000        0x0 build/em_assert.o
 .data          0x0000000000000000        0x0 build/em_assert.o
 .bss           0x0000000000000000        0x0 build/em_assert.o
 .text          0x0000000000000000        0x0 build/em_cmu.o
 .data          0x0000000000000000        0x0 build/em_cmu.o
 .bss           0x0000000000000000        0x0 build/em_cmu.o
 .text.BUS_RegMaskedWrite
                0x0000000000000000       0x20 build/em_cmu.o
 .text.CMU_Log2ToDiv
                0x0000000000000000       0x14 build/em_cmu.o
 .text.CMU_AUXHFRCOBandGet
                0x0000000000000000       0x14 build/em_cmu.o
 .text.CMU_AUXHFRCOBandSet
                0x0000000000000000       0xbc build/em_cmu.o
 .text.CMU_Calibrate
                0x0000000000000000       0xac build/em_cmu.o
 .text.CMU_CalibrateConfig
                0x0000000000000000      0x104 build/em_cmu.o
 .text.CMU_CalibrateCountGet
                0x0000000000000000       0x34 build/em_cmu.o
 .text.CMU_ClockDivGet
                0x0000000000000000      0x190 build/em_cmu.o
 .text.CMU_FreezeEnable
                0x0000000000000000       0x30 build/em_cmu.o
 .text.CMU_HFRCOBandGet
                0x0000000000000000       0x14 build/em_cmu.o
 .text.CMU_HFRCOBandSet
                0x0000000000000000       0xf8 build/em_cmu.o
 .text.CMU_HFRCOStartupDelayGet
                0x0000000000000000       0x14 build/em_cmu.o
 .text.CMU_HFRCOStartupDelaySet
                0x0000000000000000       0x40 build/em_cmu.o
 .text.CMU_HFXOInit
                0x0000000000000000       0x68 build/em_cmu.o
 .text.CMU_LCDClkFDIVGet
                0x0000000000000000       0x10 build/em_cmu.o
 .text.CMU_LFXOInit
                0x0000000000000000       0x94 build/em_cmu.o
 .text.CMU_OscillatorTuningGet
                0x0000000000000000       0x5c build/em_cmu.o
 .text.CMU_OscillatorTuningSet
                0x0000000000000000       0xb0 build/em_cmu.o
 .text.CMU_PCNTClockExternalGet
                0x0000000000000000       0x54 build/em_cmu.o
 .text.CMU_PCNTClockExternalSet
                0x0000000000000000       0x4c build/em_cmu.o
 .text          0x0000000000000000        0x0 build/em_emu.o
 .data          0x0000000000000000        0x0 build/em_emu.o
 .bss           0x0000000000000000        0x0 build/em_emu.o
 .text.SystemCoreClockUpdate
                0x0000000000000000        0x8 build/em_emu.o
 .text.BUS_RegBitWrite
                0x0000000000000000       0x24 build/em_emu.o
 .text.EMU_BUPinEnable
                0x0000000000000000       0x24 build/em_emu.o
 .text.EMU_Unlock
                0x0000000000000000       0x10 build/em_emu.o
 .text.CMU_Lock
                0x0000000000000000       0x10 build/em_emu.o
 .text.CMU_Unlock
                0x0000000000000000       0x10 build/em_emu.o
 .text.emuRestore
                0x0000000000000000       0xec build/em_emu.o
 .text.getErrataFixEmuE107En
                0x0000000000000000       0x68 build/em_emu.o
 .text.EMU_EnterEM2
                0x0000000000000000       0xa4 build/em_emu.o
 .text.EMU_EnterEM3
                0x0000000000000000       0xc4 build/em_emu.o
 .text.EMU_EnterEM4
                0x0000000000000000       0x50 build/em_emu.o
 .rodata        0x0000000000000000       0x1d build/em_emu.o
 .text.EMU_MemPwrDown
                0x0000000000000000       0x2c build/em_emu.o
 .text.EMU_EM23Init
                0x0000000000000000       0x2c build/em_emu.o
 .text.EMU_EM4Init
                0x0000000000000000       0x48 build/em_emu.o
 .text.EMU_BUPDInit
                0x0000000000000000       0xd4 build/em_emu.o
 .text.EMU_BUThresholdSet
                0x0000000000000000       0x6c build/em_emu.o
 .text.EMU_BUThresRangeSet
                0x0000000000000000       0x70 build/em_emu.o
 .text          0x0000000000000000        0x0 build/em_gpio.o
 .data          0x0000000000000000        0x0 build/em_gpio.o
 .bss           0x0000000000000000        0x0 build/em_gpio.o
 .text.BUS_RegBitWrite
                0x0000000000000000       0x24 build/em_gpio.o
 .text.BUS_RegMaskedWrite
                0x0000000000000000       0x20 build/em_gpio.o
 .text.GPIO_EM4SetPinRetention
                0x0000000000000000       0x3c build/em_gpio.o
 .text.GPIO_DbgLocationSet
                0x0000000000000000       0x38 build/em_gpio.o
 .text.GPIO_DriveModeSet
                0x0000000000000000       0x8c build/em_gpio.o
 .text.GPIO_ExtIntConfig
                0x0000000000000000      0x124 build/em_gpio.o
 .text.GPIO_PinModeGet
                0x0000000000000000       0xdc build/em_gpio.o
 .text.GPIO_EM4EnablePinWakeup
                0x0000000000000000       0x84 build/em_gpio.o
 .text          0x0000000000000000        0x0 build/em_rtc.o
 .data          0x0000000000000000        0x0 build/em_rtc.o
 .bss           0x0000000000000000        0x0 build/em_rtc.o
 .text.RTC_CompareGet
                0x0000000000000000       0x48 build/em_rtc.o
 .text.RTC_FreezeEnable
                0x0000000000000000       0x28 build/em_rtc.o
 .text.RTC_Init
                0x0000000000000000       0x44 build/em_rtc.o
 .text.RTC_Reset
                0x0000000000000000       0x2c build/em_rtc.o
 .text.RTC_CounterReset
                0x0000000000000000       0x10 build/em_rtc.o
 .text          0x0000000000000000        0x0 build/em_system.o
 .data          0x0000000000000000        0x0 build/em_system.o
 .bss           0x0000000000000000        0x0 build/em_system.o
 .text.SYSTEM_GetCalibrationValue
                0x0000000000000000       0x58 build/em_system.o
 .text          0x0000000000000000        0x0 build/em_lcd.o
 .data          0x0000000000000000        0x0 build/em_lcd.o
 .bss           0x0000000000000000        0x0 build/em_lcd.o
 .text.LCD_AnimEnable
                0x0000000000000000       0x34 build/em_lcd.o
 .text.LCD_FrameCountEnable
                0x0000000000000000       0x34 build/em_lcd.o
 .text.LCD_UpdateCtrl
                0x0000000000000000       0x24 build/em_lcd.o
 .text.LCD_FrameCountInit
                0x0000000000000000       0x68 build/em_lcd.o
 .text.LCD_AnimInit
                0x0000000000000000       0x98 build/em_lcd.o
 .text.LCD_ContrastSet
                0x0000000000000000       0x38 build/em_lcd.o
 .text.LCD_BiasSegmentSet
                0x0000000000000000      0x118 build/em_lcd.o
 .text.LCD_BiasComSet
                0x0000000000000000       0x50 build/em_lcd.o
 .text          0x0000000000000000        0x0 build/em_vcmp.o
 .data          0x0000000000000000        0x0 build/em_vcmp.o
 .bss           0x0000000000000000        0x0 build/em_vcmp.o
 .text.VCMP_Ready
                0x0000000000000000       0x18 build/em_vcmp.o
 .text.VCMP_IntClear
                0x0000000000000000       0x10 build/em_vcmp.o
 .rodata        0x0000000000000000       0x1e build/em_vcmp.o
 .text.VCMP_Init
                0x0000000000000000      0x1b4 build/em_vcmp.o
 .text.VCMP_LowPowerRefSet
                0x0000000000000000       0x38 build/em_vcmp.o
 .text.VCMP_TriggerSet
                0x0000000000000000       0x38 build/em_vcmp.o
 .comment       0x0000000000000000       0x39 build/em_vcmp.o
 .ARM.attributes
                0x0000000000000000       0x33 build/em_vcmp.o
 .text          0x0000000000000000        0x0 build/em_usart.o
 .data          0x0000000000000000        0x0 build/em_usart.o
 .bss           0x0000000000000000        0x0 build/em_usart.o
 .text.BUS_RegMaskedWrite
                0x0000000000000000       0x20 build/em_usart.o
 .rodata        0x0000000000000000       0x1f build/em_usart.o
 .text.USART_BaudrateAsyncSet
                0x0000000000000000      0x134 build/em_usart.o
 .text.USART_BaudrateCalc
                0x0000000000000000      0x140 build/em_usart.o
 .text.USART_BaudrateGet
                0x0000000000000000       0x58 build/em_usart.o
 .text.USART_BaudrateSyncSet
                0x0000000000000000       0x9c build/em_usart.o
 .text.USART_Enable
                0x0000000000000000       0x7c build/em_usart.o
 .text.USART_InitAsync
                0x0000000000000000       0xbc build/em_usart.o
 .text.USART_InitSync
                0x0000000000000000       0xd8 build/em_usart.o
 .text.USARTn_InitIrDA
                0x0000000000000000       0x88 build/em_usart.o
 .text.USART_InitI2s
                0x0000000000000000       0xa4 build/em_usart.o
 .text.USART_InitPrsTrigger
                0x0000000000000000       0x58 build/em_usart.o
 .text.USART_Reset
                0x0000000000000000       0xb8 build/em_usart.o
 .text.USART_Rx
                0x0000000000000000       0x20 build/em_usart.o
 .text.USART_RxDouble
                0x0000000000000000       0x20 build/em_usart.o
 .text.USART_RxDoubleExt
                0x0000000000000000       0x1c build/em_usart.o
 .text.USART_RxExt
                0x0000000000000000       0x20 build/em_usart.o
 .text.USART_SpiTransfer
                0x0000000000000000       0x3c build/em_usart.o
 .text.USART_Tx
                0x0000000000000000       0x24 build/em_usart.o
 .text.USART_TxDouble
                0x0000000000000000       0x24 build/em_usart.o
 .text.USART_TxDoubleExt
                0x0000000000000000       0x20 build/em_usart.o
 .text.USART_TxExt
                0x0000000000000000       0x24 build/em_usart.o
 .comment       0x0000000000000000       0x39 build/em_usart.o
 .ARM.attributes
                0x0000000000000000       0x33 build/em_usart.o
 .text          0x0000000000000000        0x0 build/bsp_stk.o
 .data          0x0000000000000000        0x0 build/bsp_stk.o
 .bss           0x0000000000000000        0x0 build/bsp_stk.o
 .text.BSP_Disable
                0x0000000000000000       0x10 build/bsp_stk.o
 .rodata        0x0000000000000000       0x50 build/bsp_stk.o
 .text.BSP_EbiInit
                0x0000000000000000      0x118 build/bsp_stk.o
 .text.BSP_EbiDeInit
                0x0000000000000000        0x8 build/bsp_stk.o
 .text.BSP_Init
                0x0000000000000000       0x20 build/bsp_stk.o
 .text.BSP_CurrentGet
                0x0000000000000000       0x44 build/bsp_stk.o
 .text.BSP_VoltageGet
                0x0000000000000000       0x44 build/bsp_stk.o
 .comment       0x0000000000000000       0x39 build/bsp_stk.o
 .ARM.attributes
                0x0000000000000000       0x33 build/bsp_stk.o
 .text          0x0000000000000000        0x0 build/bsp_stk_leds.o
 .data          0x0000000000000000        0x0 build/bsp_stk_leds.o
 .bss           0x0000000000000000        0x0 build/bsp_stk_leds.o
 .text.BUS_RegBitRead
                0x0000000000000000       0x20 build/bsp_stk_leds.o
 .rodata        0x0000000000000000       0x1e build/bsp_stk_leds.o
 .text.GPIO_PinOutClear
                0x0000000000000000       0xa4 build/bsp_stk_leds.o
 .text.GPIO_PinOutGet
                0x0000000000000000       0xa4 build/bsp_stk_leds.o
 .text.GPIO_PinOutSet
                0x0000000000000000       0xa4 build/bsp_stk_leds.o
 .text.GPIO_PinOutToggle
                0x0000000000000000       0xa4 build/bsp_stk_leds.o
 .rodata.ledArray
                0x0000000000000000       0x10 build/bsp_stk_leds.o
 .text.BSP_LedsInit
                0x0000000000000000       0x5c build/bsp_stk_leds.o
 .text.BSP_LedsGet
                0x0000000000000000       0x5c build/bsp_stk_leds.o
 .text.BSP_LedsSet
                0x0000000000000000       0x70 build/bsp_stk_leds.o
 .text.BSP_LedClear
                0x0000000000000000       0x40 build/bsp_stk_leds.o
 .text.BSP_LedGet
                0x0000000000000000       0x44 build/bsp_stk_leds.o
 .text.BSP_LedSet
                0x0000000000000000       0x40 build/bsp_stk_leds.o
 .text.BSP_LedToggle
                0x0000000000000000       0x40 build/bsp_stk_leds.o
 .comment       0x0000000000000000       0x39 build/bsp_stk_leds.o
 .ARM.attributes
                0x0000000000000000       0x33 build/bsp_stk_leds.o
 .text          0x0000000000000000        0x0 build/bsp_trace.o
 .data          0x0000000000000000        0x0 build/bsp_trace.o
 .bss           0x0000000000000000        0x0 build/bsp_trace.o
 .text.BSP_TraceSwoSetup
                0x0000000000000000      0x110 build/bsp_trace.o
 .text.BSP_TraceProfilerSetup
                0x0000000000000000       0x24 build/bsp_trace.o
 .comment       0x0000000000000000       0x39 build/bsp_trace.o
 .ARM.attributes
                0x0000000000000000       0x33 build/bsp_trace.o
 .text          0x0000000000000000        0x0 build/init.o
 .data          0x0000000000000000        0x0 build/init.o
 .bss           0x0000000000000000        0x0 build/init.o
 .data.cmu      0x0000000000000000        0x4 build/init.o
 .data.rtc      0x0000000000000000        0x4 build/init.o
 .data          0x0000000000000000        0x0 build/startup_efm32gg.o
 .bss           0x0000000000000000        0x0 build/startup_efm32gg.o
 .data          0x0000000000000000        0x0 build/o2.o
 .bss           0x0000000000000000        0x0 build/o2.o
 .text          0x0000000000000000        0x0 build/gpio_constants.o
 .data          0x0000000000000000        0x0 build/gpio_constants.o
 .bss           0x0000000000000000        0x0 build/gpio_constants.o
 .ARM.attributes
                0x0000000000000000       0x21 build/gpio_constants.o
 .text          0x0000000000000000        0x0 build/sys-tick_constants.o
 .data          0x0000000000000000        0x0 build/sys-tick_constants.o
 .bss           0x0000000000000000        0x0 build/sys-tick_constants.o
 .ARM.attributes
                0x0000000000000000       0x21 build/sys-tick_constants.o
 .text          0x0000000000000000      0x21c /Applications/Simplicity Studio.app/Contents/Eclipse/developer/toolchains/gnu_arm/4.9_2015q3/bin/../lib/gcc/arm-none-eabi/4.9.3/armv7-m/libgcc.a(_arm_addsubsf3.o)
 .data          0x0000000000000000        0x0 /Applications/Simplicity Studio.app/Contents/Eclipse/developer/toolchains/gnu_arm/4.9_2015q3/bin/../lib/gcc/arm-none-eabi/4.9.3/armv7-m/libgcc.a(_arm_addsubsf3.o)
 .bss           0x0000000000000000        0x0 /Applications/Simplicity Studio.app/Contents/Eclipse/developer/toolchains/gnu_arm/4.9_2015q3/bin/../lib/gcc/arm-none-eabi/4.9.3/armv7-m/libgcc.a(_arm_addsubsf3.o)
 .ARM.attributes
                0x0000000000000000       0x1d /Applications/Simplicity Studio.app/Contents/Eclipse/developer/toolchains/gnu_arm/4.9_2015q3/bin/../lib/gcc/arm-none-eabi/4.9.3/armv7-m/libgcc.a(_arm_addsubsf3.o)
 .text          0x0000000000000000      0x2a0 /Applications/Simplicity Studio.app/Contents/Eclipse/developer/toolchains/gnu_arm/4.9_2015q3/bin/../lib/gcc/arm-none-eabi/4.9.3/armv7-m/libgcc.a(_arm_muldivsf3.o)
 .data          0x0000000000000000        0x0 /Applications/Simplicity Studio.app/Contents/Eclipse/developer/toolchains/gnu_arm/4.9_2015q3/bin/../lib/gcc/arm-none-eabi/4.9.3/armv7-m/libgcc.a(_arm_muldivsf3.o)
 .bss           0x0000000000000000        0x0 /Applications/Simplicity Studio.app/Contents/Eclipse/developer/toolchains/gnu_arm/4.9_2015q3/bin/../lib/gcc/arm-none-eabi/4.9.3/armv7-m/libgcc.a(_arm_muldivsf3.o)
 .ARM.attributes
                0x0000000000000000       0x1d /Applications/Simplicity Studio.app/Contents/Eclipse/developer/toolchains/gnu_arm/4.9_2015q3/bin/../lib/gcc/arm-none-eabi/4.9.3/armv7-m/libgcc.a(_arm_muldivsf3.o)
 .text          0x0000000000000000       0x40 /Applications/Simplicity Studio.app/Contents/Eclipse/developer/toolchains/gnu_arm/4.9_2015q3/bin/../lib/gcc/arm-none-eabi/4.9.3/armv7-m/libgcc.a(_arm_fixunssfsi.o)
 .data          0x0000000000000000        0x0 /Applications/Simplicity Studio.app/Contents/Eclipse/developer/toolchains/gnu_arm/4.9_2015q3/bin/../lib/gcc/arm-none-eabi/4.9.3/armv7-m/libgcc.a(_arm_fixunssfsi.o)
 .bss           0x0000000000000000        0x0 /Applications/Simplicity Studio.app/Contents/Eclipse/developer/toolchains/gnu_arm/4.9_2015q3/bin/../lib/gcc/arm-none-eabi/4.9.3/armv7-m/libgcc.a(_arm_fixunssfsi.o)
 .ARM.attributes
                0x0000000000000000       0x1d /Applications/Simplicity Studio.app/Contents/Eclipse/developer/toolchains/gnu_arm/4.9_2015q3/bin/../lib/gcc/arm-none-eabi/4.9.3/armv7-m/libgcc.a(_arm_fixunssfsi.o)
 .text          0x0000000000000000       0x30 /Applications/Simplicity Studio.app/Contents/Eclipse/developer/toolchains/gnu_arm/4.9_2015q3/bin/../lib/gcc/arm-none-eabi/4.9.3/armv7-m/libgcc.a(_aeabi_uldivmod.o)
 .data          0x0000000000000000        0x0 /Applications/Simplicity Studio.app/Contents/Eclipse/developer/toolchains/gnu_arm/4.9_2015q3/bin/../lib/gcc/arm-none-eabi/4.9.3/armv7-m/libgcc.a(_aeabi_uldivmod.o)
 .bss           0x0000000000000000        0x0 /Applications/Simplicity Studio.app/Contents/Eclipse/developer/toolchains/gnu_arm/4.9_2015q3/bin/../lib/gcc/arm-none-eabi/4.9.3/armv7-m/libgcc.a(_aeabi_uldivmod.o)
 .debug_frame   0x0000000000000000       0x28 /Applications/Simplicity Studio.app/Contents/Eclipse/developer/toolchains/gnu_arm/4.9_2015q3/bin/../lib/gcc/arm-none-eabi/4.9.3/armv7-m/libgcc.a(_aeabi_uldivmod.o)
 .ARM.attributes
                0x0000000000000000       0x1d /Applications/Simplicity Studio.app/Contents/Eclipse/developer/toolchains/gnu_arm/4.9_2015q3/bin/../lib/gcc/arm-none-eabi/4.9.3/armv7-m/libgcc.a(_aeabi_uldivmod.o)
 .text          0x0000000000000000       0x60 /Applications/Simplicity Studio.app/Contents/Eclipse/developer/toolchains/gnu_arm/4.9_2015q3/bin/../lib/gcc/arm-none-eabi/4.9.3/armv7-m/libgcc.a(bpabi.o)
 .data          0x0000000000000000        0x0 /Applications/Simplicity Studio.app/Contents/Eclipse/developer/toolchains/gnu_arm/4.9_2015q3/bin/../lib/gcc/arm-none-eabi/4.9.3/armv7-m/libgcc.a(bpabi.o)
 .bss           0x0000000000000000        0x0 /Applications/Simplicity Studio.app/Contents/Eclipse/developer/toolchains/gnu_arm/4.9_2015q3/bin/../lib/gcc/arm-none-eabi/4.9.3/armv7-m/libgcc.a(bpabi.o)
 .debug_frame   0x0000000000000000       0x54 /Applications/Simplicity Studio.app/Contents/Eclipse/developer/toolchains/gnu_arm/4.9_2015q3/bin/../lib/gcc/arm-none-eabi/4.9.3/armv7-m/libgcc.a(bpabi.o)
 .ARM.attributes
                0x0000000000000000       0x2d /Applications/Simplicity Studio.app/Contents/Eclipse/developer/toolchains/gnu_arm/4.9_2015q3/bin/../lib/gcc/arm-none-eabi/4.9.3/armv7-m/libgcc.a(bpabi.o)
 .text          0x0000000000000000        0x4 /Applications/Simplicity Studio.app/Contents/Eclipse/developer/toolchains/gnu_arm/4.9_2015q3/bin/../lib/gcc/arm-none-eabi/4.9.3/armv7-m/libgcc.a(_dvmd_tls.o)
 .data          0x0000000000000000        0x0 /Applications/Simplicity Studio.app/Contents/Eclipse/developer/toolchains/gnu_arm/4.9_2015q3/bin/../lib/gcc/arm-none-eabi/4.9.3/armv7-m/libgcc.a(_dvmd_tls.o)
 .bss           0x0000000000000000        0x0 /Applications/Simplicity Studio.app/Contents/Eclipse/developer/toolchains/gnu_arm/4.9_2015q3/bin/../lib/gcc/arm-none-eabi/4.9.3/armv7-m/libgcc.a(_dvmd_tls.o)
 .ARM.attributes
                0x0000000000000000       0x1d /Applications/Simplicity Studio.app/Contents/Eclipse/developer/toolchains/gnu_arm/4.9_2015q3/bin/../lib/gcc/arm-none-eabi/4.9.3/armv7-m/libgcc.a(_dvmd_tls.o)
 .text          0x0000000000000000      0x2ac /Applications/Simplicity Studio.app/Contents/Eclipse/developer/toolchains/gnu_arm/4.9_2015q3/bin/../lib/gcc/arm-none-eabi/4.9.3/armv7-m/libgcc.a(_divdi3.o)
 .data          0x0000000000000000        0x0 /Applications/Simplicity Studio.app/Contents/Eclipse/developer/toolchains/gnu_arm/4.9_2015q3/bin/../lib/gcc/arm-none-eabi/4.9.3/armv7-m/libgcc.a(_divdi3.o)
 .bss           0x0000000000000000        0x0 /Applications/Simplicity Studio.app/Contents/Eclipse/developer/toolchains/gnu_arm/4.9_2015q3/bin/../lib/gcc/arm-none-eabi/4.9.3/armv7-m/libgcc.a(_divdi3.o)
 .ARM.extab     0x0000000000000000        0x0 /Applications/Simplicity Studio.app/Contents/Eclipse/developer/toolchains/gnu_arm/4.9_2015q3/bin/../lib/gcc/arm-none-eabi/4.9.3/armv7-m/libgcc.a(_divdi3.o)
 .ARM.exidx     0x0000000000000000        0x8 /Applications/Simplicity Studio.app/Contents/Eclipse/developer/toolchains/gnu_arm/4.9_2015q3/bin/../lib/gcc/arm-none-eabi/4.9.3/armv7-m/libgcc.a(_divdi3.o)
 .debug_frame   0x0000000000000000       0x34 /Applications/Simplicity Studio.app/Contents/Eclipse/developer/toolchains/gnu_arm/4.9_2015q3/bin/../lib/gcc/arm-none-eabi/4.9.3/armv7-m/libgcc.a(_divdi3.o)
 .ARM.attributes
                0x0000000000000000       0x2d /Applications/Simplicity Studio.app/Contents/Eclipse/developer/toolchains/gnu_arm/4.9_2015q3/bin/../lib/gcc/arm-none-eabi/4.9.3/armv7-m/libgcc.a(_divdi3.o)
 .text          0x0000000000000000      0x270 /Applications/Simplicity Studio.app/Contents/Eclipse/developer/toolchains/gnu_arm/4.9_2015q3/bin/../lib/gcc/arm-none-eabi/4.9.3/armv7-m/libgcc.a(_udivdi3.o)
 .data          0x0000000000000000        0x0 /Applications/Simplicity Studio.app/Contents/Eclipse/developer/toolchains/gnu_arm/4.9_2015q3/bin/../lib/gcc/arm-none-eabi/4.9.3/armv7-m/libgcc.a(_udivdi3.o)
 .bss           0x0000000000000000        0x0 /Applications/Simplicity Studio.app/Contents/Eclipse/developer/toolchains/gnu_arm/4.9_2015q3/bin/../lib/gcc/arm-none-eabi/4.9.3/armv7-m/libgcc.a(_udivdi3.o)
 .ARM.extab     0x0000000000000000        0x0 /Applications/Simplicity Studio.app/Contents/Eclipse/developer/toolchains/gnu_arm/4.9_2015q3/bin/../lib/gcc/arm-none-eabi/4.9.3/armv7-m/libgcc.a(_udivdi3.o)
 .ARM.exidx     0x0000000000000000        0x8 /Applications/Simplicity Studio.app/Contents/Eclipse/developer/toolchains/gnu_arm/4.9_2015q3/bin/../lib/gcc/arm-none-eabi/4.9.3/armv7-m/libgcc.a(_udivdi3.o)
 .debug_frame   0x0000000000000000       0x34 /Applications/Simplicity Studio.app/Contents/Eclipse/developer/toolchains/gnu_arm/4.9_2015q3/bin/../lib/gcc/arm-none-eabi/4.9.3/armv7-m/libgcc.a(_udivdi3.o)
 .ARM.attributes
                0x0000000000000000       0x2d /Applications/Simplicity Studio.app/Contents/Eclipse/developer/toolchains/gnu_arm/4.9_2015q3/bin/../lib/gcc/arm-none-eabi/4.9.3/armv7-m/libgcc.a(_udivdi3.o)
 .text          0x0000000000000000        0x0 /Applications/Simplicity Studio.app/Contents/Eclipse/developer/toolchains/gnu_arm/4.9_2015q3/bin/../lib/gcc/arm-none-eabi/4.9.3/../../../../arm-none-eabi/lib/armv7-m/libc_nano.a(lib_a-exit.o)
 .data          0x0000000000000000        0x0 /Applications/Simplicity Studio.app/Contents/Eclipse/developer/toolchains/gnu_arm/4.9_2015q3/bin/../lib/gcc/arm-none-eabi/4.9.3/../../../../arm-none-eabi/lib/armv7-m/libc_nano.a(lib_a-exit.o)
 .bss           0x0000000000000000        0x0 /Applications/Simplicity Studio.app/Contents/Eclipse/developer/toolchains/gnu_arm/4.9_2015q3/bin/../lib/gcc/arm-none-eabi/4.9.3/../../../../arm-none-eabi/lib/armv7-m/libc_nano.a(lib_a-exit.o)
 .text          0x0000000000000000        0x0 /Applications/Simplicity Studio.app/Contents/Eclipse/developer/toolchains/gnu_arm/4.9_2015q3/bin/../lib/gcc/arm-none-eabi/4.9.3/../../../../arm-none-eabi/lib/armv7-m/libc_nano.a(lib_a-impure.o)
 .data          0x0000000000000000        0x0 /Applications/Simplicity Studio.app/Contents/Eclipse/developer/toolchains/gnu_arm/4.9_2015q3/bin/../lib/gcc/arm-none-eabi/4.9.3/../../../../arm-none-eabi/lib/armv7-m/libc_nano.a(lib_a-impure.o)
 .bss           0x0000000000000000        0x0 /Applications/Simplicity Studio.app/Contents/Eclipse/developer/toolchains/gnu_arm/4.9_2015q3/bin/../lib/gcc/arm-none-eabi/4.9.3/../../../../arm-none-eabi/lib/armv7-m/libc_nano.a(lib_a-impure.o)
 .data._impure_ptr
                0x0000000000000000        0x4 /Applications/Simplicity Studio.app/Contents/Eclipse/developer/toolchains/gnu_arm/4.9_2015q3/bin/../lib/gcc/arm-none-eabi/4.9.3/../../../../arm-none-eabi/lib/armv7-m/libc_nano.a(lib_a-impure.o)
 .text          0x0000000000000000        0x0 /Applications/Simplicity Studio.app/Contents/Eclipse/developer/toolchains/gnu_arm/4.9_2015q3/bin/../lib/gcc/arm-none-eabi/4.9.3/../../../../arm-none-eabi/lib/armv7-m/libc_nano.a(lib_a-init.o)
 .data          0x0000000000000000        0x0 /Applications/Simplicity Studio.app/Contents/Eclipse/developer/toolchains/gnu_arm/4.9_2015q3/bin/../lib/gcc/arm-none-eabi/4.9.3/../../../../arm-none-eabi/lib/armv7-m/libc_nano.a(lib_a-init.o)
 .bss           0x0000000000000000        0x0 /Applications/Simplicity Studio.app/Contents/Eclipse/developer/toolchains/gnu_arm/4.9_2015q3/bin/../lib/gcc/arm-none-eabi/4.9.3/../../../../arm-none-eabi/lib/armv7-m/libc_nano.a(lib_a-init.o)
 .text          0x0000000000000000        0x0 /Applications/Simplicity Studio.app/Contents/Eclipse/developer/toolchains/gnu_arm/4.9_2015q3/bin/../lib/gcc/arm-none-eabi/4.9.3/../../../../arm-none-eabi/lib/armv7-m/libc_nano.a(lib_a-memcpy.o)
 .data          0x0000000000000000        0x0 /Applications/Simplicity Studio.app/Contents/Eclipse/developer/toolchains/gnu_arm/4.9_2015q3/bin/../lib/gcc/arm-none-eabi/4.9.3/../../../../arm-none-eabi/lib/armv7-m/libc_nano.a(lib_a-memcpy.o)
 .bss           0x0000000000000000        0x0 /Applications/Simplicity Studio.app/Contents/Eclipse/developer/toolchains/gnu_arm/4.9_2015q3/bin/../lib/gcc/arm-none-eabi/4.9.3/../../../../arm-none-eabi/lib/armv7-m/libc_nano.a(lib_a-memcpy.o)
 .text.memcpy   0x0000000000000000       0x16 /Applications/Simplicity Studio.app/Contents/Eclipse/developer/toolchains/gnu_arm/4.9_2015q3/bin/../lib/gcc/arm-none-eabi/4.9.3/../../../../arm-none-eabi/lib/armv7-m/libc_nano.a(lib_a-memcpy.o)
 .debug_frame   0x0000000000000000       0x28 /Applications/Simplicity Studio.app/Contents/Eclipse/developer/toolchains/gnu_arm/4.9_2015q3/bin/../lib/gcc/arm-none-eabi/4.9.3/../../../../arm-none-eabi/lib/armv7-m/libc_nano.a(lib_a-memcpy.o)
 .ARM.attributes
                0x0000000000000000       0x2d /Applications/Simplicity Studio.app/Contents/Eclipse/developer/toolchains/gnu_arm/4.9_2015q3/bin/../lib/gcc/arm-none-eabi/4.9.3/../../../../arm-none-eabi/lib/armv7-m/libc_nano.a(lib_a-memcpy.o)
 .text          0x0000000000000000        0x0 /Applications/Simplicity Studio.app/Contents/Eclipse/developer/toolchains/gnu_arm/4.9_2015q3/bin/../lib/gcc/arm-none-eabi/4.9.3/../../../../arm-none-eabi/lib/armv7-m/libc_nano.a(lib_a-memset.o)
 .data          0x0000000000000000        0x0 /Applications/Simplicity Studio.app/Contents/Eclipse/developer/toolchains/gnu_arm/4.9_2015q3/bin/../lib/gcc/arm-none-eabi/4.9.3/../../../../arm-none-eabi/lib/armv7-m/libc_nano.a(lib_a-memset.o)
 .bss           0x0000000000000000        0x0 /Applications/Simplicity Studio.app/Contents/Eclipse/developer/toolchains/gnu_arm/4.9_2015q3/bin/../lib/gcc/arm-none-eabi/4.9.3/../../../../arm-none-eabi/lib/armv7-m/libc_nano.a(lib_a-memset.o)
 .text          0x0000000000000000        0x0 /Applications/Simplicity Studio.app/Contents/Eclipse/developer/toolchains/gnu_arm/4.9_2015q3/bin/../lib/gcc/arm-none-eabi/4.9.3/../../../../arm-none-eabi/lib/armv7-m/libc_nano.a(lib_a-strlen.o)
 .data          0x0000000000000000        0x0 /Applications/Simplicity Studio.app/Contents/Eclipse/developer/toolchains/gnu_arm/4.9_2015q3/bin/../lib/gcc/arm-none-eabi/4.9.3/../../../../arm-none-eabi/lib/armv7-m/libc_nano.a(lib_a-strlen.o)
 .bss           0x0000000000000000        0x0 /Applications/Simplicity Studio.app/Contents/Eclipse/developer/toolchains/gnu_arm/4.9_2015q3/bin/../lib/gcc/arm-none-eabi/4.9.3/../../../../arm-none-eabi/lib/armv7-m/libc_nano.a(lib_a-strlen.o)
 .text          0x0000000000000000        0x0 /Applications/Simplicity Studio.app/Contents/Eclipse/developer/toolchains/gnu_arm/4.9_2015q3/bin/../lib/gcc/arm-none-eabi/4.9.3/../../../../arm-none-eabi/lib/armv7-m/libnosys.a(_exit.o)
 .data          0x0000000000000000        0x0 /Applications/Simplicity Studio.app/Contents/Eclipse/developer/toolchains/gnu_arm/4.9_2015q3/bin/../lib/gcc/arm-none-eabi/4.9.3/../../../../arm-none-eabi/lib/armv7-m/libnosys.a(_exit.o)
 .bss           0x0000000000000000        0x0 /Applications/Simplicity Studio.app/Contents/Eclipse/developer/toolchains/gnu_arm/4.9_2015q3/bin/../lib/gcc/arm-none-eabi/4.9.3/../../../../arm-none-eabi/lib/armv7-m/libnosys.a(_exit.o)
 .text          0x0000000000000000        0x0 /Applications/Simplicity Studio.app/Contents/Eclipse/developer/toolchains/gnu_arm/4.9_2015q3/bin/../lib/gcc/arm-none-eabi/4.9.3/armv7-m/crtend.o
 .data          0x0000000000000000        0x0 /Applications/Simplicity Studio.app/Contents/Eclipse/developer/toolchains/gnu_arm/4.9_2015q3/bin/../lib/gcc/arm-none-eabi/4.9.3/armv7-m/crtend.o
 .bss           0x0000000000000000        0x0 /Applications/Simplicity Studio.app/Contents/Eclipse/developer/toolchains/gnu_arm/4.9_2015q3/bin/../lib/gcc/arm-none-eabi/4.9.3/armv7-m/crtend.o
 .text          0x0000000000000000        0x0 /Applications/Simplicity Studio.app/Contents/Eclipse/developer/toolchains/gnu_arm/4.9_2015q3/bin/../lib/gcc/arm-none-eabi/4.9.3/armv7-m/crtn.o
 .data          0x0000000000000000        0x0 /Applications/Simplicity Studio.app/Contents/Eclipse/developer/toolchains/gnu_arm/4.9_2015q3/bin/../lib/gcc/arm-none-eabi/4.9.3/armv7-m/crtn.o
 .bss           0x0000000000000000        0x0 /Applications/Simplicity Studio.app/Contents/Eclipse/developer/toolchains/gnu_arm/4.9_2015q3/bin/../lib/gcc/arm-none-eabi/4.9.3/armv7-m/crtn.o

Memory Configuration

Name             Origin             Length             Attributes
FLASH            0x0000000000000000 0x0000000000100000 xr
RAM              0x0000000020000000 0x0000000000020000 xrw
*default*        0x0000000000000000 0xffffffffffffffff

Linker script and memory map

LOAD /Applications/Simplicity Studio.app/Contents/Eclipse/developer/toolchains/gnu_arm/4.9_2015q3/bin/../lib/gcc/arm-none-eabi/4.9.3/armv7-m/crti.o
LOAD /Applications/Simplicity Studio.app/Contents/Eclipse/developer/toolchains/gnu_arm/4.9_2015q3/bin/../lib/gcc/arm-none-eabi/4.9.3/armv7-m/crtbegin.o
LOAD /Applications/Simplicity Studio.app/Contents/Eclipse/developer/toolchains/gnu_arm/4.9_2015q3/bin/../lib/gcc/arm-none-eabi/4.9.3/../../../../arm-none-eabi/lib/armv7-m/crt0.o
LOAD build/system_efm32gg.o
LOAD build/vddcheck.o
LOAD build/segmentlcd.o
LOAD build/em_assert.o
LOAD build/em_cmu.o
LOAD build/em_emu.o
LOAD build/em_gpio.o
LOAD build/em_rtc.o
LOAD build/em_system.o
LOAD build/em_lcd.o
LOAD build/em_vcmp.o
LOAD build/em_usart.o
LOAD build/bsp_stk.o
LOAD build/bsp_stk_leds.o
LOAD build/bsp_trace.o
LOAD build/init.o
LOAD build/startup_efm32gg.o
LOAD build/o2.o
LOAD build/gpio_constants.o
LOAD build/sys-tick_constants.o
START GROUP
LOAD /Applications/Simplicity Studio.app/Contents/Eclipse/developer/toolchains/gnu_arm/4.9_2015q3/bin/../lib/gcc/arm-none-eabi/4.9.3/armv7-m/libgcc.a
LOAD /Applications/Simplicity Studio.app/Contents/Eclipse/developer/toolchains/gnu_arm/4.9_2015q3/bin/../lib/gcc/arm-none-eabi/4.9.3/../../../../arm-none-eabi/lib/armv7-m/libc_nano.a
LOAD /Applications/Simplicity Studio.app/Contents/Eclipse/developer/toolchains/gnu_arm/4.9_2015q3/bin/../lib/gcc/arm-none-eabi/4.9.3/../../../../arm-none-eabi/lib/armv7-m/libnosys.a
END GROUP
START GROUP
LOAD /Applications/Simplicity Studio.app/Contents/Eclipse/developer/toolchains/gnu_arm/4.9_2015q3/bin/../lib/gcc/arm-none-eabi/4.9.3/armv7-m/libgcc.a
LOAD /Applications/Simplicity Studio.app/Contents/Eclipse/developer/toolchains/gnu_arm/4.9_2015q3/bin/../lib/gcc/arm-none-eabi/4.9.3/../../../../arm-none-eabi/lib/armv7-m/libc_nano.a
END GROUP
START GROUP
LOAD /Applications/Simplicity Studio.app/Contents/Eclipse/developer/toolchains/gnu_arm/4.9_2015q3/bin/../lib/gcc/arm-none-eabi/4.9.3/armv7-m/libgcc.a
LOAD /Applications/Simplicity Studio.app/Contents/Eclipse/developer/toolchains/gnu_arm/4.9_2015q3/bin/../lib/gcc/arm-none-eabi/4.9.3/../../../../arm-none-eabi/lib/armv7-m/libc_nano.a
END GROUP
LOAD /Applications/Simplicity Studio.app/Contents/Eclipse/developer/toolchains/gnu_arm/4.9_2015q3/bin/../lib/gcc/arm-none-eabi/4.9.3/armv7-m/crtend.o
LOAD /Applications/Simplicity Studio.app/Contents/Eclipse/developer/toolchains/gnu_arm/4.9_2015q3/bin/../lib/gcc/arm-none-eabi/4.9.3/armv7-m/crtn.o

.text           0x0000000000000000     0x2938
 *(.vectors)
 .vectors       0x0000000000000000       0xdc build/startup_efm32gg.o
                0x0000000000000000                __Vectors
                0x00000000000000dc                __Vectors_End = .
                0x00000000000000dc                __Vectors_Size = (__Vectors_End - __Vectors)
                0x00000000000000dc                __end__ = .
 *(.text*)
 .text          0x00000000000000dc       0x5c /Applications/Simplicity Studio.app/Contents/Eclipse/developer/toolchains/gnu_arm/4.9_2015q3/bin/../lib/gcc/arm-none-eabi/4.9.3/armv7-m/crtbegin.o
 .text          0x0000000000000138       0x74 /Applications/Simplicity Studio.app/Contents/Eclipse/developer/toolchains/gnu_arm/4.9_2015q3/bin/../lib/gcc/arm-none-eabi/4.9.3/../../../../arm-none-eabi/lib/armv7-m/crt0.o
                0x0000000000000138                _mainCRTStartup
                0x0000000000000138                _start
 .text.GetProdRev
                0x00000000000001ac       0x10 build/system_efm32gg.o
 .text.SystemCoreClockGet
                0x00000000000001bc       0x34 build/system_efm32gg.o
                0x00000000000001bc                SystemCoreClockGet
 .text.SystemMaxCoreClockGet
                0x00000000000001f0        0xc build/system_efm32gg.o
                0x00000000000001f0                SystemMaxCoreClockGet
 .text.SystemHFClockGet
                0x00000000000001fc      0x100 build/system_efm32gg.o
                0x00000000000001fc                SystemHFClockGet
 .text.SystemHFXOClockGet
                0x00000000000002fc        0xc build/system_efm32gg.o
                0x00000000000002fc                SystemHFXOClockGet
 .text.SystemInit
                0x0000000000000308        0x4 build/system_efm32gg.o
                0x0000000000000308                SystemInit
 .text.SystemLFRCOClockGet
                0x000000000000030c        0x8 build/system_efm32gg.o
                0x000000000000030c                SystemLFRCOClockGet
 .text.SystemULFRCOClockGet
                0x0000000000000314        0x8 build/system_efm32gg.o
                0x0000000000000314                SystemULFRCOClockGet
 .text.SystemLFXOClockGet
                0x000000000000031c        0xc build/system_efm32gg.o
                0x000000000000031c                SystemLFXOClockGet
 .text.LCD_FreezeEnable
                0x0000000000000328       0x28 build/segmentlcd.o
 .text.LCD_SyncBusyDelay
                0x0000000000000350       0x1c build/segmentlcd.o
 .text.LCD_IntDisable
                0x000000000000036c       0x1c build/segmentlcd.o
 .text.SegmentLCD_AllOff
                0x0000000000000388       0xa8 build/segmentlcd.o
                0x0000000000000388                SegmentLCD_AllOff
 .text.SegmentLCD_AlphaNumberOff
                0x0000000000000430       0xa8 build/segmentlcd.o
                0x0000000000000430                SegmentLCD_AlphaNumberOff
 .text.SegmentLCD_Init
                0x00000000000004d8       0xb8 build/segmentlcd.o
                0x00000000000004d8                SegmentLCD_Init
 .text.SegmentLCD_Write
                0x0000000000000590       0xd8 build/segmentlcd.o
                0x0000000000000590                SegmentLCD_Write
 .text.assertEFM
                0x0000000000000668        0x8 build/em_assert.o
                0x0000000000000668                assertEFM
 .text.BUS_RegBitWrite
                0x0000000000000670       0x24 build/em_cmu.o
 .text.BUS_RegBitRead
                0x0000000000000694       0x20 build/em_cmu.o
 .text.CMU_DivToLog2
                0x00000000000006b4       0x38 build/em_cmu.o
 .text.SYSTEM_GetProdRev
                0x00000000000006ec       0x10 build/em_cmu.o
 .text.SYSTEM_GetFamily
                0x00000000000006fc       0x14 build/em_cmu.o
 .text.maxFreqHfle
                0x0000000000000710       0x8c build/em_cmu.o
 .text.setHfLeConfig
                0x000000000000079c       0x3c build/em_cmu.o
 .text.getHfLeConfig
                0x00000000000007d8       0x40 build/em_cmu.o
 .text.auxClkGet
                0x0000000000000818       0xbc build/em_cmu.o
 .text.dbgClkGet
                0x00000000000008d4       0x50 build/em_cmu.o
 .text.flashWaitStateControl
                0x0000000000000924       0xbc build/em_cmu.o
 .text.flashWaitStateMax
                0x00000000000009e0       0x10 build/em_cmu.o
 .text.lfClkGet
                0x00000000000009f0      0x10c build/em_cmu.o
 .text.syncReg  0x0000000000000afc       0x28 build/em_cmu.o
 .text.usbCClkGet
                0x0000000000000b24       0x4c build/em_cmu.o
 .text.CMU_ClockDivSet
                0x0000000000000b70      0x2c8 build/em_cmu.o
                0x0000000000000b70                CMU_ClockDivSet
 .text.CMU_ClockEnable
                0x0000000000000e38       0xe4 build/em_cmu.o
                0x0000000000000e38                CMU_ClockEnable
 .text.CMU_ClockFreqGet
                0x0000000000000f1c      0x1e0 build/em_cmu.o
                0x0000000000000f1c                CMU_ClockFreqGet
 .text.CMU_ClockSelectGet
                0x00000000000010fc      0x190 build/em_cmu.o
                0x00000000000010fc                CMU_ClockSelectGet
 .text.CMU_ClockSelectSet
                0x000000000000128c      0x308 build/em_cmu.o
                0x000000000000128c                CMU_ClockSelectSet
 .text.CMU_LCDClkFDIVSet
                0x0000000000001594       0x4c build/em_cmu.o
                0x0000000000001594                CMU_LCDClkFDIVSet
 .text.CMU_OscillatorEnable
                0x00000000000015e0       0xd4 build/em_cmu.o
                0x00000000000015e0                CMU_OscillatorEnable
 .text.EMU_UpdateOscConfig
                0x00000000000016b4       0x14 build/em_emu.o
                0x00000000000016b4                EMU_UpdateOscConfig
 .text.GPIO_PinOutClear
                0x00000000000016c8       0xa4 build/em_gpio.o
 .text.GPIO_PinOutSet
                0x000000000000176c       0xa4 build/em_gpio.o
 .text.GPIO_PinModeSet
                0x0000000000001810      0x174 build/em_gpio.o
                0x0000000000001810                GPIO_PinModeSet
 .text.BUS_RegBitWrite
                0x0000000000001984       0x24 build/em_rtc.o
 .text.RTC_CompareSet
                0x00000000000019a8       0x50 build/em_rtc.o
                0x00000000000019a8                RTC_CompareSet
 .text.RTC_Enable
                0x00000000000019f8       0x24 build/em_rtc.o
                0x00000000000019f8                RTC_Enable
 .text.SYSTEM_ChipRevisionGet
                0x0000000000001a1c       0x90 build/em_system.o
                0x0000000000001a1c                SYSTEM_ChipRevisionGet
 .text.LCD_Enable
                0x0000000000001aac       0x34 build/em_lcd.o
 .text.BUS_RegBitWrite
                0x0000000000001ae0       0x24 build/em_lcd.o
 .text.LCD_Init
                0x0000000000001b04       0x88 build/em_lcd.o
                0x0000000000001b04                LCD_Init
 .text.LCD_VLCDSelect
                0x0000000000001b8c       0x3c build/em_lcd.o
                0x0000000000001b8c                LCD_VLCDSelect
 .text.LCD_SegmentRangeEnable
                0x0000000000001bc8       0x40 build/em_lcd.o
                0x0000000000001bc8                LCD_SegmentRangeEnable
 .text.LCD_SegmentSet
                0x0000000000001c08      0x234 build/em_lcd.o
                0x0000000000001c08                LCD_SegmentSet
 .text.LCD_SegmentSetLow
                0x0000000000001e3c      0x194 build/em_lcd.o
                0x0000000000001e3c                LCD_SegmentSetLow
 .text.LCD_SegmentSetHigh
                0x0000000000001fd0      0x188 build/em_lcd.o
                0x0000000000001fd0                LCD_SegmentSetHigh
 .text.LCD_VBoostSet
                0x0000000000002158       0x1c build/em_lcd.o
                0x0000000000002158                LCD_VBoostSet
 .text.NVIC_EnableIRQ
                0x0000000000002174       0x2c build/init.o
 .text.CHIP_Init
                0x00000000000021a0       0x40 build/init.o
 .text.RTC_CounterGet
                0x00000000000021e0        0xc build/init.o
 .text.RTC_IntClear
                0x00000000000021ec       0x14 build/init.o
 .text.RTC_IntEnable
                0x0000000000002200       0x18 build/init.o
 .text.startLfxoForRtc
                0x0000000000002218       0x34 build/init.o
                0x0000000000002218                startLfxoForRtc
 .text.setupRtc
                0x000000000000224c       0x24 build/init.o
                0x000000000000224c                setupRtc
 .text.int_to_string
                0x0000000000002270       0x64 build/init.o
                0x0000000000002270                int_to_string
 .text.time_to_string
                0x00000000000022d4       0x70 build/init.o
                0x00000000000022d4                time_to_string
 .text.RTC_IRQHandler
                0x0000000000002344       0x60 build/init.o
                0x0000000000002344                RTC_IRQHandler
 .text.main     0x00000000000023a4       0x44 build/init.o
                0x00000000000023a4                main
 .text          0x00000000000023e8       0x30 build/startup_efm32gg.o
                0x00000000000023e8                Reset_Handler
                0x0000000000002414                DebugMon_Handler
                0x0000000000002414                USART0_TX_IRQHandler
                0x0000000000002414                I2C0_IRQHandler
                0x0000000000002414                HardFault_Handler
                0x0000000000002414                LEUART1_IRQHandler
                0x0000000000002414                USART1_RX_IRQHandler
                0x0000000000002414                PendSV_Handler
                0x0000000000002414                NMI_Handler
                0x0000000000002414                I2C1_IRQHandler
                0x0000000000002414                TIMER3_IRQHandler
                0x0000000000002414                USART1_TX_IRQHandler
                0x0000000000002414                MSC_IRQHandler
                0x0000000000002414                ADC0_IRQHandler
                0x0000000000002414                UsageFault_Handler
                0x0000000000002414                LEUART0_IRQHandler
                0x0000000000002414                GPIO_EVEN_IRQHandler
                0x0000000000002414                UART0_TX_IRQHandler
                0x0000000000002414                UART1_TX_IRQHandler
                0x0000000000002414                TIMER0_IRQHandler
                0x0000000000002414                LCD_IRQHandler
                0x0000000000002414                PCNT2_IRQHandler
                0x0000000000002414                UART0_RX_IRQHandler
                0x0000000000002414                LETIMER0_IRQHandler
                0x0000000000002414                TIMER1_IRQHandler
                0x0000000000002414                USART2_RX_IRQHandler
                0x0000000000002414                Default_Handler
                0x0000000000002414                EMU_IRQHandler
                0x0000000000002414                PCNT0_IRQHandler
                0x0000000000002414                USB_IRQHandler
                0x0000000000002414                BURTC_IRQHandler
                0x0000000000002414                PCNT1_IRQHandler
                0x0000000000002414                ACMP0_IRQHandler
                0x0000000000002414                USART0_RX_IRQHandler
                0x0000000000002414                MemManage_Handler
                0x0000000000002414                SVC_Handler
                0x0000000000002414                DAC0_IRQHandler
                0x0000000000002414                UART1_RX_IRQHandler
                0x0000000000002414                CMU_IRQHandler
                0x0000000000002414                EBI_IRQHandler
                0x0000000000002414                LESENSE_IRQHandler
                0x0000000000002414                AES_IRQHandler
                0x0000000000002414                VCMP_IRQHandler
                0x0000000000002414                DMA_IRQHandler
                0x0000000000002414                BusFault_Handler
                0x0000000000002414                TIMER2_IRQHandler
                0x0000000000002414                USART2_TX_IRQHandler
 .text          0x0000000000002418       0xbc build/o2.o
                0x0000000000002418                Start
                0x000000000000244e                SysTick_Handler
                0x0000000000002480                GPIO_ODD_IRQHandler
 .text.exit     0x00000000000024d4       0x28 /Applications/Simplicity Studio.app/Contents/Eclipse/developer/toolchains/gnu_arm/4.9_2015q3/bin/../lib/gcc/arm-none-eabi/4.9.3/../../../../arm-none-eabi/lib/armv7-m/libc_nano.a(lib_a-exit.o)
                0x00000000000024d4                exit
 .text.__libc_init_array
                0x00000000000024fc       0x4c /Applications/Simplicity Studio.app/Contents/Eclipse/developer/toolchains/gnu_arm/4.9_2015q3/bin/../lib/gcc/arm-none-eabi/4.9.3/../../../../arm-none-eabi/lib/armv7-m/libc_nano.a(lib_a-init.o)
                0x00000000000024fc                __libc_init_array
 .text.memset   0x0000000000002548       0x10 /Applications/Simplicity Studio.app/Contents/Eclipse/developer/toolchains/gnu_arm/4.9_2015q3/bin/../lib/gcc/arm-none-eabi/4.9.3/../../../../arm-none-eabi/lib/armv7-m/libc_nano.a(lib_a-memset.o)
                0x0000000000002548                memset
 .text.strlen   0x0000000000002558       0x10 /Applications/Simplicity Studio.app/Contents/Eclipse/developer/toolchains/gnu_arm/4.9_2015q3/bin/../lib/gcc/arm-none-eabi/4.9.3/../../../../arm-none-eabi/lib/armv7-m/libc_nano.a(lib_a-strlen.o)
                0x0000000000002558                strlen
 .text._exit    0x0000000000002568        0x4 /Applications/Simplicity Studio.app/Contents/Eclipse/developer/toolchains/gnu_arm/4.9_2015q3/bin/../lib/gcc/arm-none-eabi/4.9.3/../../../../arm-none-eabi/lib/armv7-m/libnosys.a(_exit.o)
                0x0000000000002568                _exit
 *(.init)
 .init          0x000000000000256c        0x4 /Applications/Simplicity Studio.app/Contents/Eclipse/developer/toolchains/gnu_arm/4.9_2015q3/bin/../lib/gcc/arm-none-eabi/4.9.3/armv7-m/crti.o
                0x000000000000256c                _init
 .init          0x0000000000002570        0x8 /Applications/Simplicity Studio.app/Contents/Eclipse/developer/toolchains/gnu_arm/4.9_2015q3/bin/../lib/gcc/arm-none-eabi/4.9.3/armv7-m/crtn.o
 *(.fini)
 .fini          0x0000000000002578        0x4 /Applications/Simplicity Studio.app/Contents/Eclipse/developer/toolchains/gnu_arm/4.9_2015q3/bin/../lib/gcc/arm-none-eabi/4.9.3/armv7-m/crti.o
                0x0000000000002578                _fini
 .fini          0x000000000000257c        0x8 /Applications/Simplicity Studio.app/Contents/Eclipse/developer/toolchains/gnu_arm/4.9_2015q3/bin/../lib/gcc/arm-none-eabi/4.9.3/armv7-m/crtn.o
 *crtbegin.o(.ctors)
 *crtbegin?.o(.ctors)
 *(EXCLUDE_FILE(*crtend.o *crtend?.o) .ctors)
 *(SORT(.ctors.*))
 *(.ctors)
 *crtbegin.o(.dtors)
 *crtbegin?.o(.dtors)
 *(EXCLUDE_FILE(*crtend.o *crtend?.o) .dtors)
 *(SORT(.dtors.*))
 *(.dtors)
 *(.rodata*)
 .rodata.EFM_Display
                0x0000000000002584      0x1fe build/segmentlcd.o
 *fill*         0x0000000000002782        0x2 
 .rodata.EFM_Alphabet
                0x0000000000002784       0xb8 build/segmentlcd.o
 .rodata.lcdInit
                0x000000000000283c       0x14 build/segmentlcd.o
 .rodata        0x0000000000002850       0x3d build/em_cmu.o
 *fill*         0x000000000000288d        0x3 
 .rodata        0x0000000000002890       0x3e build/em_gpio.o
 *fill*         0x00000000000028ce        0x2 
 .rodata        0x00000000000028d0       0x1d build/em_rtc.o
 *fill*         0x00000000000028ed        0x3 
 .rodata        0x00000000000028f0       0x20 build/em_system.o
 .rodata        0x0000000000002910       0x1d build/em_lcd.o
 .rodata.str1.1
                0x000000000000292d        0x2 /Applications/Simplicity Studio.app/Contents/Eclipse/developer/toolchains/gnu_arm/4.9_2015q3/bin/../lib/gcc/arm-none-eabi/4.9.3/../../../../arm-none-eabi/lib/armv7-m/libc_nano.a(lib_a-impure.o)
 *fill*         0x000000000000292f        0x1 
 .rodata._global_impure_ptr
                0x0000000000002930        0x4 /Applications/Simplicity Studio.app/Contents/Eclipse/developer/toolchains/gnu_arm/4.9_2015q3/bin/../lib/gcc/arm-none-eabi/4.9.3/../../../../arm-none-eabi/lib/armv7-m/libc_nano.a(lib_a-impure.o)
                0x0000000000002930                _global_impure_ptr
 *(.eh_frame*)
 .eh_frame      0x0000000000002934        0x0 /Applications/Simplicity Studio.app/Contents/Eclipse/developer/toolchains/gnu_arm/4.9_2015q3/bin/../lib/gcc/arm-none-eabi/4.9.3/armv7-m/crtbegin.o
 .eh_frame      0x0000000000002934        0x4 /Applications/Simplicity Studio.app/Contents/Eclipse/developer/toolchains/gnu_arm/4.9_2015q3/bin/../lib/gcc/arm-none-eabi/4.9.3/armv7-m/crtend.o

.glue_7         0x0000000000002938        0x0
 .glue_7        0x0000000000000000        0x0 linker stubs

.glue_7t        0x0000000000002938        0x0
 .glue_7t       0x0000000000000000        0x0 linker stubs

.vfp11_veneer   0x0000000000002938        0x0
 .vfp11_veneer  0x0000000000000000        0x0 linker stubs

.v4_bx          0x0000000000002938        0x0
 .v4_bx         0x0000000000000000        0x0 linker stubs

.iplt           0x0000000000002938        0x0
 .iplt          0x0000000000000000        0x0 /Applications/Simplicity Studio.app/Contents/Eclipse/developer/toolchains/gnu_arm/4.9_2015q3/bin/../lib/gcc/arm-none-eabi/4.9.3/armv7-m/crtbegin.o

.ARM.extab
 *(.ARM.extab* .gnu.linkonce.armextab.*)
                0x0000000000002938                __exidx_start = .

.ARM.exidx      0x0000000000002938        0x8
 *(.ARM.exidx* .gnu.linkonce.armexidx.*)
 .ARM.exidx     0x0000000000002938        0x8 /Applications/Simplicity Studio.app/Contents/Eclipse/developer/toolchains/gnu_arm/4.9_2015q3/bin/../lib/gcc/arm-none-eabi/4.9.3/../../../../arm-none-eabi/lib/armv7-m/crt0.o
                0x0000000000002940                __exidx_end = .
                0x0000000000002940                __etext = .

.rel.dyn        0x0000000000002940        0x0
 .rel.iplt      0x0000000000000000        0x0 /Applications/Simplicity Studio.app/Contents/Eclipse/developer/toolchains/gnu_arm/4.9_2015q3/bin/../lib/gcc/arm-none-eabi/4.9.3/armv7-m/crtbegin.o

.data           0x0000000020000000       0x74 load address 0x0000000000002940
                0x0000000020000000                __data_start__ = .
 *(vtable)
 *(.data*)
 .data.SystemHFXOClock
                0x0000000020000000        0x4 build/system_efm32gg.o
 .data.SystemLFXOClock
                0x0000000020000004        0x4 build/system_efm32gg.o
 .data.impure_data
                0x0000000020000008       0x60 /Applications/Simplicity Studio.app/Contents/Eclipse/developer/toolchains/gnu_arm/4.9_2015q3/bin/../lib/gcc/arm-none-eabi/4.9.3/../../../../arm-none-eabi/lib/armv7-m/libc_nano.a(lib_a-impure.o)
                0x0000000020000068                . = ALIGN (0x4)
 *(.ram)
                0x0000000020000068                . = ALIGN (0x4)
                0x0000000020000068                PROVIDE (__preinit_array_start, .)
 *(.preinit_array)
                0x0000000020000068                PROVIDE (__preinit_array_end, .)
                0x0000000020000068                . = ALIGN (0x4)
                0x0000000020000068                PROVIDE (__init_array_start, .)
 *(SORT(.init_array.*))
 *(.init_array)
 .init_array    0x0000000020000068        0x4 /Applications/Simplicity Studio.app/Contents/Eclipse/developer/toolchains/gnu_arm/4.9_2015q3/bin/../lib/gcc/arm-none-eabi/4.9.3/armv7-m/crtbegin.o
                0x000000002000006c                PROVIDE (__init_array_end, .)
                0x000000002000006c                . = ALIGN (0x4)
                0x000000002000006c                PROVIDE (__fini_array_start, .)
 *(SORT(.fini_array.*))
 *(.fini_array)
 .fini_array    0x000000002000006c        0x4 /Applications/Simplicity Studio.app/Contents/Eclipse/developer/toolchains/gnu_arm/4.9_2015q3/bin/../lib/gcc/arm-none-eabi/4.9.3/armv7-m/crtbegin.o
                0x0000000020000070                PROVIDE (__fini_array_end, .)
 *(.jcr*)
 .jcr           0x0000000020000070        0x0 /Applications/Simplicity Studio.app/Contents/Eclipse/developer/toolchains/gnu_arm/4.9_2015q3/bin/../lib/gcc/arm-none-eabi/4.9.3/armv7-m/crtbegin.o
 .jcr           0x0000000020000070        0x4 /Applications/Simplicity Studio.app/Contents/Eclipse/developer/toolchains/gnu_arm/4.9_2015q3/bin/../lib/gcc/arm-none-eabi/4.9.3/armv7-m/crtend.o
                0x0000000020000074                . = ALIGN (0x4)
                0x0000000020000074                __data_end__ = .

.igot.plt       0x0000000020000074        0x0 load address 0x00000000000029b4
 .igot.plt      0x0000000000000000        0x0 /Applications/Simplicity Studio.app/Contents/Eclipse/developer/toolchains/gnu_arm/4.9_2015q3/bin/../lib/gcc/arm-none-eabi/4.9.3/armv7-m/crtbegin.o

.bss            0x0000000020000074       0x34 load address 0x00000000000029b4
                0x0000000020000074                . = ALIGN (0x4)
                0x0000000020000074                __bss_start__ = .
 *(.bss*)
 .bss           0x0000000020000074       0x1c /Applications/Simplicity Studio.app/Contents/Eclipse/developer/toolchains/gnu_arm/4.9_2015q3/bin/../lib/gcc/arm-none-eabi/4.9.3/armv7-m/crtbegin.o
 .bss.cmuStatus
                0x0000000020000090        0x4 build/em_emu.o
 *(COMMON)
 COMMON         0x0000000020000094        0x4 build/system_efm32gg.o
                0x0000000020000094                SystemCoreClock
 COMMON         0x0000000020000098       0x10 build/init.o
                0x0000000020000098                running
                0x000000002000009c                tenths
                0x00000000200000a0                seconds
                0x00000000200000a4                minutes
                0x00000000200000a8                . = ALIGN (0x4)
                0x00000000200000a8                __bss_end__ = .

.heap           0x00000000200000a8      0xc00
                0x00000000200000a8                __HeapBase = .
                0x00000000200000a8                __end__ = .
                0x00000000200000a8                end = __end__
                0x00000000200000a8                _end = __end__
 *(.heap*)
 .heap          0x00000000200000a8      0xc00 build/startup_efm32gg.o
                0x0000000020000ca8                __HeapLimit = .

.stack_dummy    0x00000000200000a8      0x400
 *(.stack*)
 .stack         0x00000000200000a8      0x400 build/startup_efm32gg.o
                0x0000000020020000                __StackTop = (ORIGIN (RAM) + 0x20000)
                0x000000002001fc00                __StackLimit = (__StackTop - SIZEOF (.stack_dummy))
                0x0000000020020000                PROVIDE (__stack, __StackTop)
                0x0000000000000001                ASSERT ((__StackLimit >= __HeapLimit), region RAM overflowed with stack)
                0x0000000000000001                ASSERT ((0x100000 >= (__etext + SIZEOF (.data))), FLASH memory overflowed !)
OUTPUT(exe/o2.out elf32-littlearm)

.ARM.attributes
                0x0000000000000000       0x29
 .ARM.attributes
                0x0000000000000000       0x1d /Applications/Simplicity Studio.app/Contents/Eclipse/developer/toolchains/gnu_arm/4.9_2015q3/bin/../lib/gcc/arm-none-eabi/4.9.3/armv7-m/crti.o
 .ARM.attributes
                0x000000000000001d       0x2d /Applications/Simplicity Studio.app/Contents/Eclipse/developer/toolchains/gnu_arm/4.9_2015q3/bin/../lib/gcc/arm-none-eabi/4.9.3/armv7-m/crtbegin.o
 .ARM.attributes
                0x000000000000004a       0x1b /Applications/Simplicity Studio.app/Contents/Eclipse/developer/toolchains/gnu_arm/4.9_2015q3/bin/../lib/gcc/arm-none-eabi/4.9.3/../../../../arm-none-eabi/lib/armv7-m/crt0.o
 .ARM.attributes
                0x0000000000000065       0x33 build/system_efm32gg.o
 .ARM.attributes
                0x0000000000000098       0x33 build/segmentlcd.o
 .ARM.attributes
                0x00000000000000cb       0x33 build/em_assert.o
 .ARM.attributes
                0x00000000000000fe       0x33 build/em_cmu.o
 .ARM.attributes
                0x0000000000000131       0x33 build/em_emu.o
 .ARM.attributes
                0x0000000000000164       0x33 build/em_gpio.o
 .ARM.attributes
                0x0000000000000197       0x33 build/em_rtc.o
 .ARM.attributes
                0x00000000000001ca       0x33 build/em_system.o
 .ARM.attributes
                0x00000000000001fd       0x33 build/em_lcd.o
 .ARM.attributes
                0x0000000000000230       0x33 build/init.o
 .ARM.attributes
                0x0000000000000263       0x1b build/startup_efm32gg.o
 .ARM.attributes
                0x000000000000027e       0x21 build/o2.o
 .ARM.attributes
                0x000000000000029f       0x2d /Applications/Simplicity Studio.app/Contents/Eclipse/developer/toolchains/gnu_arm/4.9_2015q3/bin/../lib/gcc/arm-none-eabi/4.9.3/../../../../arm-none-eabi/lib/armv7-m/libc_nano.a(lib_a-exit.o)
 .ARM.attributes
                0x00000000000002cc       0x2d /Applications/Simplicity Studio.app/Contents/Eclipse/developer/toolchains/gnu_arm/4.9_2015q3/bin/../lib/gcc/arm-none-eabi/4.9.3/../../../../arm-none-eabi/lib/armv7-m/libc_nano.a(lib_a-impure.o)
 .ARM.attributes
                0x00000000000002f9       0x2d /Applications/Simplicity Studio.app/Contents/Eclipse/developer/toolchains/gnu_arm/4.9_2015q3/bin/../lib/gcc/arm-none-eabi/4.9.3/../../../../arm-none-eabi/lib/armv7-m/libc_nano.a(lib_a-init.o)
 .ARM.attributes
                0x0000000000000326       0x2d /Applications/Simplicity Studio.app/Contents/Eclipse/developer/toolchains/gnu_arm/4.9_2015q3/bin/../lib/gcc/arm-none-eabi/4.9.3/../../../../arm-none-eabi/lib/armv7-m/libc_nano.a(lib_a-memset.o)
 .ARM.attributes
                0x0000000000000353       0x2d /Applications/Simplicity Studio.app/Contents/Eclipse/developer/toolchains/gnu_arm/4.9_2015q3/bin/../lib/gcc/arm-none-eabi/4.9.3/../../../../arm-none-eabi/lib/armv7-m/libc_nano.a(lib_a-strlen.o)
 .ARM.attributes
                0x0000000000000380       0x2d /Applications/Simplicity Studio.app/Contents/Eclipse/developer/toolchains/gnu_arm/4.9_2015q3/bin/../lib/gcc/arm-none-eabi/4.9.3/../../../../arm-none-eabi/lib/armv7-m/libnosys.a(_exit.o)
 .ARM.attributes
                0x00000000000003ad       0x2d /Applications/Simplicity Studio.app/Contents/Eclipse/developer/toolchains/gnu_arm/4.9_2015q3/bin/../lib/gcc/arm-none-eabi/4.9.3/armv7-m/crtend.o
 .ARM.attributes
                0x00000000000003da       0x1d /Applications/Simplicity Studio.app/Contents/Eclipse/developer/toolchains/gnu_arm/4.9_2015q3/bin/../lib/gcc/arm-none-eabi/4.9.3/armv7-m/crtn.o

.comment        0x0000000000000000       0x38
 .comment       0x0000000000000000       0x38 build/system_efm32gg.o
                                         0x39 (size before relaxing)
 .comment       0x0000000000000000       0x39 build/segmentlcd.o
 .comment       0x0000000000000000       0x39 build/em_assert.o
 .comment       0x0000000000000000       0x39 build/em_cmu.o
 .comment       0x0000000000000000       0x39 build/em_emu.o
 .comment       0x0000000000000000       0x39 build/em_gpio.o
 .comment       0x0000000000000000       0x39 build/em_rtc.o
 .comment       0x0000000000000000       0x39 build/em_system.o
 .comment       0x0000000000000000       0x39 build/em_lcd.o
 .comment       0x0000000000000000       0x39 build/init.o

.debug_frame    0x0000000000000000       0xb4
 .debug_frame   0x0000000000000000       0x28 /Applications/Simplicity Studio.app/Contents/Eclipse/developer/toolchains/gnu_arm/4.9_2015q3/bin/../lib/gcc/arm-none-eabi/4.9.3/../../../../arm-none-eabi/lib/armv7-m/libc_nano.a(lib_a-exit.o)
 .debug_frame   0x0000000000000028       0x2c /Applications/Simplicity Studio.app/Contents/Eclipse/developer/toolchains/gnu_arm/4.9_2015q3/bin/../lib/gcc/arm-none-eabi/4.9.3/../../../../arm-none-eabi/lib/armv7-m/libc_nano.a(lib_a-init.o)
 .debug_frame   0x0000000000000054       0x20 /Applications/Simplicity Studio.app/Contents/Eclipse/developer/toolchains/gnu_arm/4.9_2015q3/bin/../lib/gcc/arm-none-eabi/4.9.3/../../../../arm-none-eabi/lib/armv7-m/libc_nano.a(lib_a-memset.o)
 .debug_frame   0x0000000000000074       0x20 /Applications/Simplicity Studio.app/Contents/Eclipse/developer/toolchains/gnu_arm/4.9_2015q3/bin/../lib/gcc/arm-none-eabi/4.9.3/../../../../arm-none-eabi/lib/armv7-m/libc_nano.a(lib_a-strlen.o)
 .debug_frame   0x0000000000000094       0x20 /Applications/Simplicity Studio.app/Contents/Eclipse/developer/toolchains/gnu_arm/4.9_2015q3/bin/../lib/gcc/arm-none-eabi/4.9.3/../../../../arm-none-eabi/lib/armv7-m/libnosys.a(_exit.o)
